// Jest Snapshot v1, https://goo.gl/fbAQLP

exports[`CircleOcticon renders consistently 1`] = `
.c0 {
  overflow: hidden;
  width: 32px;
  height: 32px;
  border-width: 0;
  border-radius: 50%;
  border-style: solid;
  border-color: #e1e4e8;
}

.c1 {
  display: -webkit-box;
  display: -webkit-flex;
  display: -ms-flexbox;
  display: flex;
  -webkit-align-items: center;
  -webkit-box-align: center;
  -ms-flex-align: center;
  align-items: center;
  -webkit-box-pack: center;
  -webkit-justify-content: center;
  -ms-flex-pack: center;
  justify-content: center;
  display: -webkit-box;
  display: -webkit-flex;
  display: -ms-flexbox;
  display: flex;
  width: 32px;
  height: 32px;
}

<div
  className="c0"
  overflow="hidden"
  size={32}
>
  <div
    className="c1"
    display="flex"
    size={32}
  >
    <svg
      aria-hidden="true"
      className="octicon"
      dangerouslySetInnerHTML={
        Object {
          "__html": "<path fill-rule=\\"evenodd\\" d=\\"M21.03 5.72a.75.75 0 010 1.06l-11.5 11.5a.75.75 0 01-1.072-.012l-5.5-5.75a.75.75 0 111.084-1.036l4.97 5.195L19.97 5.72a.75.75 0 011.06 0z\\"></path>",
        }
      }
      fill="currentColor"
      height={32}
      role="img"
      style={
        Object {
          "display": "inline-block",
          "userSelect": "none",
          "verticalAlign": "text-bottom",
        }
      }
      viewBox="0 0 24 24"
      width={32}
    />
  </div>
</div>
`;
