// Jest Snapshot v1, https://goo.gl/fbAQLP

exports[`Flash renders consistently 1`] = `
.c0 {
  position: relative;
  color: #24292e;
  padding: 16px;
  border-style: solid;
  border-width: 1px;
  border-radius: 6px;
  margin-top: 0;
  background-color: #dbedff;
  border-color: rgba(4,66,137,0.2);
}

.c0 p:last-child {
  margin-bottom: 0;
}

.c0 svg {
  color: rgba(4,66,137,0.6);
  margin-right: 8px;
}

<div
  className="c0"
/>
`;
