// Jest Snapshot v1, https://goo.gl/fbAQLP

exports[`Heading renders consistently 1`] = `
.c0 {
  font-weight: 600;
  font-size: 32px;
  margin: 0;
}

<h2
  className="c0"
/>
`;
