// Jest Snapshot v1, https://goo.gl/fbAQLP

exports[`SideNav SideNav.Link renders consistently 1`] = `
.c0 {
  -webkit-text-decoration: none;
  text-decoration: none;
  color: #0366d6;
  position: relative;
  display: block;
  width: 100%;
  text-align: left;
  font-size: 14px;
}

.c0:hover {
  -webkit-text-decoration: underline;
  text-decoration: underline;
}

.c0 > .c1 {
  border-bottom: none;
}

.c0:first-child {
  border-top-right-radius: 6px;
  border-top-left-radius: 6px;
}

.c0:last-child {
  border-bottom-right-radius: 6px;
  border-bottom-left-radius: 6px;
}

.c1.variant-normal > .c0 {
  color: #586069;
  padding: 16px;
  border: 0;
  border-top: 1px solid #e1e4e8;
}

.c1.variant-normal > .c0:first-child {
  border-top: 0;
}

.c1.variant-normal > .c0::before {
  position: absolute;
  top: 0;
  bottom: 0;
  left: 0;
  z-index: 1;
  width: 3px;
  pointer-events: none;
  content: '';
}

.c1.variant-normal > .c0:hover,
.c1.variant-normal > .c0:focus {
  color: #24292e;
  -webkit-text-decoration: none;
  text-decoration: none;
  background-color: #f6f8fa;
  outline: none;
}

.c1.variant-normal > .c0[aria-current='page'],
.c1.variant-normal > .c0[aria-selected='true'] {
  font-weight: 500;
  color: #24292e;
}

.c1.variant-normal > .c0[aria-current='page']::before,
.c1.variant-normal > .c0[aria-selected='true']::before {
  background-color: #f66a0a;
}

.c1.variant-lightweight > .c0 {
  padding: 4px 0;
  color: #0366d6;
}

.c1.variant-lightweight > .c0:hover,
.c1.variant-lightweight > .c0:focus {
  color: #24292e;
  -webkit-text-decoration: none;
  text-decoration: none;
  outline: none;
}

.c1.variant-lightweight > .c0[aria-current='page'],
.c1.variant-lightweight > .c0[aria-selected='true'] {
  color: #24292e;
  font-weight: 500;
}

<a
  className="c0"
  color="blue.5"
/>
`;

exports[`SideNav renders consistently 1`] = `
.c0 {
  border-width: 0;
  border-style: solid;
  border-color: #e1e4e8;
  border-radius: 6px;
}

.c1 {
  background-color: #fff;
}

<nav
  className="c0 c1 variant-normal"
/>
`;
