// Jest Snapshot v1, https://goo.gl/fbAQLP

exports[`StyledOcticon renders consistently 1`] = `
<svg
  aria-hidden="true"
  className=""
  dangerouslySetInnerHTML={
    Object {
      "__html": "<path fill-rule=\\"evenodd\\" d=\\"M3.72 3.72a.75.75 0 011.06 0L8 6.94l3.22-3.22a.75.75 0 111.06 1.06L9.06 8l3.22 3.22a.75.75 0 11-1.06 1.06L8 9.06l-3.22 3.22a.75.75 0 01-1.06-1.06L6.94 8 3.72 4.78a.75.75 0 010-1.06z\\"></path>",
    }
  }
  fill="currentColor"
  height={16}
  role="img"
  style={
    Object {
      "display": "inline-block",
      "userSelect": "none",
      "verticalAlign": "text-bottom",
    }
  }
  viewBox="0 0 16 16"
  width={16}
/>
`;
