// Jest Snapshot v1, https://goo.gl/fbAQLP

exports[`TabNav TabNav.Link renders consistently 1`] = `
.c0 {
  padding: 8px 12px;
  font-size: 14px;
  line-height: 20px;
  color: #1b1f23;
  -webkit-text-decoration: none;
  text-decoration: none;
  background-color: transparent;
  border: 1px solid transparent;
  border-bottom: 0;
}

.c0:hover,
.c0:focus {
  color: #24292e;
  -webkit-text-decoration: none;
  text-decoration: none;
}

.c0.selected {
  color: #24292e;
  border-color: #e1e4e8;
  border-top-right-radius: 6px;
  border-top-left-radius: 6px;
  background-color: #fff;
}

<a
  className="c0 TabNav-item"
/>
`;

exports[`TabNav renders consistently 1`] = `
.c0 {
  display: -webkit-box;
  display: -webkit-flex;
  display: -ms-flexbox;
  display: flex;
  border-bottom: 1px solid #e1e4e8;
}

.c0 .TabNav-body {
  display: -webkit-box;
  display: -webkit-flex;
  display: -ms-flexbox;
  display: flex;
  margin-bottom: -1px;
}

<nav
  className="c0 TabNav"
>
  <div
    className="TabNav-body"
  />
</nav>
`;
