// Jest Snapshot v1, https://goo.gl/fbAQLP

exports[`Text renders consistently 1`] = `
<span
  className=""
/>
`;
